// Jest Snapshot v1, https://goo.gl/fbAQLP

exports[`renders correctly 1`] = `
<div
  className="issueItem"
>
  <span
    className="issueItem-name"
  >
    <span>
      1: test
    </span>
  </span>
</div>
`;

exports[`should match snapshot 1`] = `
<div
  className="issueItem"
>
  <span
    className="issueItem-name"
  >
    <span>
      1: test
    </span>
  </span>
</div>
`;

exports[`test issueItem component should have props 1`] = `
<div
  className="issueItem"
>
  <span
    className="issueItem-name"
  >
    <span>
      1: test
    </span>
  </span>
</div>
`;

exports[`test issueItem component should match snapshot 1`] = `
<div
  className="issueItem"
>
  <span
    className="issueItem-name"
  >
    <span>
      1: test
    </span>
  </span>
</div>
`;
